radius_Rsun,JD,missing_error_measurements,MstarMdot,Av,previous_MstarMdot_err,MstarMdot_err,previous_Av_err,Av_err
3,2443916.5,0,9.383208501293486e-06,13.652317596665387,2.227213774597076e-06,2.227213774597076e-06,0.9244374029951801,0.9244374029951801
3,2444098.5,0,1.1687483376981262e-05,14.471884750020442,3.692754771180342e-06,3.692754771180342e-06,1.3730282977672614,1.3730282977672614
3,2445450.5,0,6.009030320098344e-06,5.339367637868023,2.0621943320905102e-06,2.0621943320905102e-06,1.4856144695782953,1.4856144695782953
3,2445465.5,0,6.6585850680052056e-06,5.342848548198397,3.2223668166635078e-06,3.2223668166635078e-06,2.037975944944068,2.037975944944068
3,2445597.5,0,7.976689262063084e-06,6.395662475589103,3.869297318909013e-06,3.869297318909013e-06,2.0106475487900366,2.0106475487900366
3,2445599.5,0,7.049905746345392e-06,6.085495936167275,3.414327305453931e-06,3.414327305453931e-06,2.0291623743747786,2.0291623743747786
3,2445631.5,0,6.260562366388018e-06,5.184783904565066,3.02722505109448e-06,3.02722505109448e-06,2.0476785469403733,2.0476785469403733
3,2446081.5,0,5.480449178547056e-06,4.756288877861653,2.6450616399140783e-06,2.6450616399140783e-06,2.0692866297959447,2.0692866297959447
3,2446098.5,0,1.2163079904583847e-05,8.663753305667113,3.3163306255473674e-06,3.3163306255473674e-06,1.1080334759469357,1.1080334759469357
3,2446201.5,0,5.022798482599724e-06,4.56702679970438,2.4210910240864453e-06,2.4210910240864453e-06,2.083952828584369,2.083952828584369
3,2446481.5,0,9.983662922619567e-06,7.7186167364532325,2.3891964657536676e-06,2.3891964657536676e-06,0.9813353018710784,0.9813353018710784
3,2447286.5,0,1.2872127110779269e-05,8.117023954388403,3.089236426184488e-06,3.089236426184488e-06,0.9650202092025246,0.9650202092025246
3,2447328.5,0,7.216373745538156e-06,5.320474009079658,3.496015116990445e-06,3.496015116990445e-06,2.025606474037125,2.025606474037125
3,2447576.5,0,2.6905097772553e-05,12.346980549950846,6.413176511617961e-06,6.413176511617961e-06,0.9045186594182408,0.9045186594182408
3,2447616.5,0,2.7890670919357298e-05,13.351457261128191,7.119465694593903e-06,7.119465694593903e-06,0.9787150000633665,0.9787150000633665
3,2447630.5,0,1.9511134016395048e-05,10.620422643775239,5.035245637042471e-06,5.035245637042471e-06,0.9498430967639683,0.9498430967639683
3,2448284.5,0,3.666873456667524e-05,11.830174664371727,8.76418595603967e-06,8.76418595603967e-06,0.8908061024002356,0.8908061024002356
3,2448309.5,0,2.9542374203169322e-05,11.909028947246101,7.386502372901807e-06,7.386502372901807e-06,0.9434922496883061,0.9434922496883061
3,2448310.5,0,2.8728769457184218e-05,12.384923545042247,6.851904662827465e-06,6.851904662827465e-06,0.9014861714964876,0.9014861714964876
3,2448314.5,0,2.9318451116739324e-05,12.593203298783596,7.234033563346452e-06,7.234033563346452e-06,0.9238570470869968,0.9238570470869968
3,2448518.5,0,4.643540362531151e-05,16.768691514551094,1.2820816000318862e-05,1.2820816000318862e-05,1.0319106279282448,1.0319106279282448
3,2448642.5,0,6.0499174736252565e-05,15.120591827344498,1.4724681824129596e-05,1.4724681824129596e-05,0.8917213889251833,0.8917213889251833
3,2448756.5,0,5.049737834333695e-05,13.58697935097953,1.2020539968433661e-05,1.2020539968433661e-05,0.8631425835383056,0.8631425835383056
3,2448881.5,0,3.017514590957864e-05,13.396318091734537,7.4693445274910835e-06,7.4693445274910835e-06,0.9529071382006474,0.9529071382006474
3,2449182.5,0,2.442160330928515e-05,10.715647261449025,6.627563000182624e-06,6.627563000182624e-06,1.083202305920055,1.083202305920055
3,2451319.5,0,1.404728456093956e-05,8.7287005269009,3.4997017134026353e-06,3.4997017134026353e-06,0.970538667295881,0.970538667295881
3,2454567.5,0,1.4495206244197565e-05,17.360942742564617,7.376445283925076e-06,7.376445283925076e-06,2.1822267317561335,2.1822267317561335
3,2455271.5,0,4.233791176678899e-08,4.477019575056175,1.2142561388925601e-08,1.214256138892533e-08,2.5207248968006066,2.5207248968005507
3,2457209.5,2,9.7231208215804e-07,17.450073567702553,4.5275765400486006e-07,2.064892602487509e-07,2.426086156360924,1.1064655258623746
3,2457219.5,0,7.998365174630447e-07,15.3137039486201,2.964423401889355e-07,2.964423401889355e-07,1.8922931271360872,1.8922931271360872
3,2457226.5,2,1.0967497047808025e-06,18.8398045310602,5.127347944378487e-07,2.3384304488451732e-07,2.3951205619004,1.0923430419313898
3,2457546.5,0,4.773161415145732e-07,11.961671435670036,9.81902768417215e-08,9.81902768417215e-08,1.197652345533513,1.197652345533513
3,2457610.5,0,5.809140556585046e-07,11.086869778469769,1.1913548089679142e-07,1.1913548089679142e-07,1.1528839422089538,1.1528839422089538
3,2457626.5,0,5.543105772668518e-07,10.546866639965746,1.202829164921978e-07,1.202829164921978e-07,1.2292544811457986,1.2292544811457986
3,2457786.5,0,2.8252641977967875e-07,9.430400034099957,5.6581145003831374e-08,5.6581145003831374e-08,1.267019523670051,1.267019523670051
3,2457815.5,0,3.123884123018303e-07,9.99535096700172,6.247256045906883e-08,6.247256045906883e-08,1.245183890804872,1.245183890804872
3,2457846.5,0,3.1018912639206556e-07,9.754203375227947,6.161610702166433e-08,6.161610702166433e-08,1.2381700135915303,1.2381700135915303
3,2457876.5,0,3.2023338498589785e-07,9.438884859970765,6.370302826213479e-08,6.370302826213479e-08,1.2330110596694592,1.2330110596694592
3,2457908.5,0,4.1783407309134973e-07,10.098623804688453,8.657098841471478e-08,8.657098841471478e-08,1.2295486440175278,1.2295486440175278
3,2457942.5,0,2.698480460736142e-07,8.298693923135875,5.309360172195124e-08,5.309360172195124e-08,1.2553525199731,1.2553525199731
3,2457971.5,0,2.0227028772229954e-07,6.984742888747352,3.922506802008235e-08,3.922506802008235e-08,1.3021218199225808,1.3021218199225808
3,2458002.5,0,1.8641719855122366e-07,6.478444567336303,3.6036784277551254e-08,3.6036784277551254e-08,1.3187962535302564,1.3187962535302564
3,2458032.5,0,2.453183368827334e-07,7.730528675074361,4.905547685694205e-08,4.905547685694205e-08,1.295595074683737,1.295595074683737
3,2458151.5,0,2.625556652702065e-07,6.694038146101894,5.1851744547663477e-08,5.1851744547663477e-08,1.267933095726861,1.267933095726861
3,2458179.5,0,3.991208430562324e-07,8.169653262463926,8.078754443493199e-08,8.078754443493199e-08,1.2087721690310578,1.2087721690310578
3,2458210.5,0,4.0838033018842866e-07,7.919570310219283,8.244100348097911e-08,8.244100348097911e-08,1.2013800925361908,1.2013800925361908
3,2458240.5,0,3.2795726097102263e-07,7.43708224109708,6.585188634498053e-08,6.585188634498053e-08,1.2385643972501699,1.2385643972501699
3,2458271.5,0,4.1231842303939643e-07,8.146910046957162,8.377637451205156e-08,8.377637451205156e-08,1.2061877440907032,1.2061877440907032
3,2458309.5,0,5.918240909117026e-07,9.862014193284535,1.21509406865667e-07,1.21509406865667e-07,1.1510938919793527,1.1510938919793527
3,2458338.5,0,4.4858503190092473e-07,9.904531025650803,9.243940372994689e-08,9.243940372994689e-08,1.205973620655073,1.205973620655073
3,2458406.5,0,3.549189052812753e-07,10.276740593030832,7.281895496838248e-08,7.281895496838248e-08,1.2536423126850182,1.2536423126850182
3,2458521.5,0,1.1652747781642908e-06,13.695467893777389,2.4546277064771177e-07,2.4546277064771177e-07,1.0703971539560875,1.0703971539560875
3,2458549.5,0,2.323305259460413e-06,16.18292317234638,4.983643101778635e-07,4.983643101778635e-07,0.9987694259195924,0.9987694259195924
3,2458580.5,0,2.116168902037621e-06,16.150674614522348,4.5454073852073714e-07,4.5454073852073714e-07,1.0107073462844889,1.0107073462844889
3,2458611.5,0,3.5207838390237467e-06,18.398856274254538,7.629208109318027e-07,7.629208109318027e-07,0.9631945466405751,0.9631945466405751
3,2458643.5,0,3.9895214919265115e-06,19.74249779023183,8.776880539191093e-07,8.776880539191093e-07,0.9656258190376961,0.9656258190376961
3,2458674.5,0,6.618334221580625e-06,21.429726807676037,1.443057672022863e-06,1.443057672022863e-06,0.9113829001365976,0.9113829001365976
3,2459310.5,0,9.390829445403843e-05,27.79254449641456,2.3707202685778373e-05,2.3707202685778373e-05,0.916305239811555,0.916305239811555
3,2459340.5,0,6.676049922401874e-05,21.610941986962995,1.7969857943654214e-05,1.7969857943654214e-05,0.9282808945963329,0.9282808945963329
3,2459370.5,0,6.562941041862835e-05,18.831428502852095,1.5022880645224236e-05,1.5022880645224236e-05,0.8175530663133063,0.8175530663133063
3,2459401.5,0,7.930980155076635e-05,19.05627032261922,2.023254993000141e-05,2.023254993000141e-05,0.8907240002625664,0.8907240002625664
3,2459431.5,0,7.867134970282101e-05,18.563699259354465,2.3979572666612355e-05,2.3979572666612355e-05,1.016003729377295,1.016003729377295
3,2460147.5,1,7.512518914356539e-05,24.18004919880674,3.3016003643467964e-05,1.7108553442256057e-05,1.4025081629267664,0.8136429571787869
3,2460188.5,0,8.209472414932429e-05,23.419876557350317,1.8451101405493886e-05,1.8451101405493886e-05,0.7984575220211739,0.7984575220211739
3,2460364.5,2,4.2376036432242845e-05,23.58520638745225,2.0963641956508543e-05,9.560891751755328e-06,1.8118405478632982,0.8263264267487588
3,2460545.5,0,5.520979582304814e-05,18.483938655631256,1.2489558012685938e-05,1.2489558012685938e-05,0.8195492793029208,0.8195492793029208
3,2460566.5,2,5.8194000408808965e-05,20.18233956277056,2.886231483164626e-05,1.3163240833006977e-05,1.7872796973583407,0.8151249554826417
3,2460575.5,0,4.5868953501944354e-05,17.66356810527708,1.0247010006442091e-05,1.0247010006442091e-05,0.815021551422482,0.815021551422482
3,2460594.5,2,3.1717810436634565e-05,15.351000289704679,1.5652371313976188e-05,7.13857964668894e-06,1.83686315898855,0.837738493259486
3,2460737.5,0,2.2588898149661243e-05,9.55332102293347,4.98550633747341e-06,4.98550633747341e-06,0.8390012922769859,0.8390012922769859
3,2460766.5,0,2.6293817890010734e-05,10.093571683789783,5.808913243659893e-06,5.808913243659893e-06,0.8316075014916062,0.8316075014916062
3,2460781.5,0,3.7453678717241116e-05,11.29608846237806,8.334407997456573e-06,8.334407997456573e-06,0.8219548408286117,0.8219548408286117
3,2460812.5,0,2.025859557540689e-05,11.872264715380005,4.473748449939023e-06,4.473748449939023e-06,0.8455224242884638,0.8455224242884638
3,2460816.5,0,2.783509181568117e-05,13.292402638654847,6.1505663855245365e-06,6.1505663855245365e-06,0.8286932846900571,0.8286932846900571
3,2460840.5,0,2.4926408098938802e-05,16.731522774984434,5.54290556550298e-06,5.54290556550298e-06,0.840666047358905,0.840666047358905
3,2460847.5,0,2.907075954964169e-05,17.08673411147857,6.458268344318251e-06,6.458268344318251e-06,0.8319052491443172,0.8319052491443172
3,2460856.5,0,5.711663586349944e-05,18.142830034268258,1.2701145555767696e-05,1.2701145555767696e-05,0.8020772626653987,0.8020772626653987
3,2460858.5,0,3.6528777583765734e-05,17.934408012427156,8.126870974672652e-06,8.126870974672652e-06,0.8229237904457289,0.8229237904457289
3,2460861.5,0,5.5768324269367914e-05,18.333332367215384,1.2384340502162582e-05,1.2384340502162582e-05,0.8019201591805893,0.8019201591805893
3,2460902.5,0,2.0814007921677838e-05,15.942695703404484,5.35496853367024e-06,5.35496853367024e-06,0.9829674024153382,0.9829674024153382
3,2461102.5,0,1.877192220830463e-05,13.36856749448775,4.824760012482569e-06,4.824760012482569e-06,0.9887881658419557,0.9887881658419557
3,2461165.5,0,7.653403348738898e-05,22.101618493930584,1.7057200860975086e-05,1.7057200860975086e-05,0.7929198905204233,0.7929198905204233
3,2461222.5,0,3.813727902848499e-06,8.993125322813855,8.22105315119061e-07,8.22105315119061e-07,0.9498542124065685,0.9498542124065685
3,2461225.5,0,2.9307636811994507e-05,16.267950323799194,6.47339504534685e-06,6.47339504534685e-06,0.8259882637062962,0.8259882637062962
