radius_Rsun,JD,missing_error_measurements,MstarMdot,Av,previous_MstarMdot_err,MstarMdot_err,previous_Av_err,Av_err
2,2443916.5,0,8.754170824670738e-06,14.438767913468764,2.1037569483614774e-06,2.1037569483614774e-06,0.8614942768522426,0.8614942768522426
2,2444098.5,0,1.095079342292375e-05,15.207699199765447,3.4992778514871366e-06,3.4992778514871366e-06,1.2947920636270411,1.2947920636270411
2,2445450.5,0,5.584077415304938e-06,6.263604673598423,1.9423651549623843e-06,1.9423651549623843e-06,1.3786262189554122,1.3786262189554122
2,2445465.5,0,6.1961900207306446e-06,6.235137111497077,3.0380618948733382e-06,3.0380618948733382e-06,1.8921826896651552,1.8921826896651552
2,2445597.5,0,7.43997908656984e-06,7.23437156170764,3.654093337640224e-06,3.654093337640224e-06,1.873310078982878,1.873310078982878
2,2445599.5,0,6.565228270152728e-06,6.960485196688013,3.2207585868586585e-06,3.2207585868586585e-06,1.886083304106359,1.886083304106359
2,2445631.5,0,5.821039895085829e-06,6.096124203711648,2.852427593140008e-06,2.852427593140008e-06,1.8989138564873884,1.8989138564873884
2,2446081.5,0,5.086425994932898e-06,5.710140750590499,2.4891723858818573e-06,2.4891723858818573e-06,1.91396258371032,1.91396258371032
2,2446098.5,0,1.1401550361931936e-05,9.389593296070695,3.1436647159208016e-06,3.1436647159208016e-06,1.0414666651575695,1.0414666651575695
2,2446201.5,0,4.655926012262393e-06,5.549778133390126,2.2764800976715064e-06,2.2764800976715064e-06,1.9242270250419702,1.9242270250419702
2,2446481.5,0,9.337327499670521e-06,8.495225027667866,2.2608822803731857e-06,2.2608822803731857e-06,0.9186927852011986,0.9186927852011986
2,2447286.5,0,1.2073846899627302e-05,8.828933394872015,2.929826650910261e-06,2.929826650910261e-06,0.9075763281507225,0.9075763281507225
2,2447328.5,0,6.72227576695626e-06,6.1884897811572825,3.298529569827074e-06,3.298529569827074e-06,1.8836258398420458,1.8836258398420458
2,2447576.5,0,2.5428552495092056e-05,12.900979246661699,6.119115182736639e-06,6.119115182736639e-06,0.8606743683145655,0.8606743683145655
2,2447616.5,0,2.636906698408611e-05,13.898763113877228,6.794920679300706e-06,6.794920679300706e-06,0.9323912693411185,0.9323912693411185
2,2447630.5,0,1.8355407552292447e-05,11.232646985364688,4.786535365015462e-06,4.786535365015462e-06,0.896969863547629,0.896969863547629
2,2448284.5,0,3.4756164984229583e-05,12.329309377204513,8.382111353548856e-06,8.382111353548856e-06,0.8514892767445587,0.8514892767445587
2,2448309.5,0,2.794583081311776e-05,12.445809613171857,7.0529201877090525e-06,7.0529201877090525e-06,0.8990261055720986,0.8990261055720986
2,2448310.5,0,2.7169052536801705e-05,12.92678597355242,6.541056231608386e-06,6.541056231608386e-06,0.8586408336379235,0.8586408336379235
2,2448314.5,0,2.7732026584269618e-05,13.13136344387552,6.906932209797183e-06,6.906932209797183e-06,0.8798363421537734,0.8798363421537734
2,2448518.5,0,4.410552379590893e-05,17.229900442481046,1.2283172135588578e-05,1.2283172135588578e-05,0.9902325226933169,0.9902325226933169
2,2448642.5,0,5.759278976050407e-05,15.542966514241456,1.413363996522524e-05,1.413363996522524e-05,0.858321262967721,0.858321262967721
2,2448756.5,0,4.798692188842651e-05,14.034587492150791,1.1521101059237307e-05,1.1521101059237307e-05,0.828309274264505,0.828309274264505
2,2448881.5,0,2.8550075305642028e-05,13.92927617220554,7.133183165429621e-06,7.133183165429621e-06,0.9092552664060118,0.9092552664060118
2,2449182.5,0,2.3059817037774256e-05,11.28809789632517,6.318865050843349e-06,6.318865050843349e-06,1.031571539362291,1.031571539362291
2,2451319.5,0,1.3188000517443313e-05,9.419111073861735,3.321457363019075e-06,3.321457363019075e-06,0.9128435667390498,0.9128435667390498
2,2454567.5,0,1.361316595625288e-05,18.043990388756185,7.002619390517674e-06,7.002619390517674e-06,2.0658192393423445,2.0658192393423445
2,2455271.5,0,3.0785867271610434e-08,8.243744116096767,9.803894353694776e-09,9.803894353694776e-09,2.338629388612114,2.338629388612114
2,2457209.5,2,8.715154104300011e-07,19.149180120037826,4.1766951169320846e-07,1.9048660521830135e-07,2.176108253200679,0.9924580610619306
2,2457219.5,0,7.126328560171824e-07,17.121415199600005,2.726523144158878e-07,2.726523144158878e-07,1.683183238602193,1.683183238602193
2,2457226.5,2,9.864110165238716e-07,20.47441033436164,4.7381420075265936e-07,2.1609252310446785e-07,2.1515409497369684,0.9812536467938165
2,2457546.5,0,4.172109329105966e-07,14.0792498461324,8.945950909803945e-08,8.945950909803945e-08,1.0694217202305258,1.0694217202305258
2,2457610.5,0,5.117919488430072e-07,13.082825859214022,1.0896844165216108e-07,1.0896844165216108e-07,1.029570158852033,1.029570158852033
2,2457626.5,0,4.87469573621626e-07,12.571450691321097,1.0991948499061225e-07,1.0991948499061225e-07,1.0975974273033808,1.0975974273033808
2,2457786.5,0,2.4073483100500434e-07,11.891795500659834,5.087880345997588e-08,5.087880345997588e-08,1.1324991729756615,1.1324991729756615
2,2457815.5,0,2.676268904898735e-07,12.388998667761427,5.6337779933647794e-08,5.6337779933647794e-08,1.112411296260773,1.112411296260773
2,2457846.5,0,2.656437670010197e-07,12.15258933625698,5.555457106648148e-08,5.555457106648148e-08,1.106175156751045,1.106175156751045
2,2457876.5,0,2.7470390868371216e-07,11.815930412219656,5.7486434057800975e-08,5.7486434057800975e-08,1.1013422907894543,1.1013422907894543
2,2457908.5,0,3.6309420739372687e-07,12.300999590451413,7.864291092370231e-08,7.864291092370231e-08,1.0974978073852548,1.0974978073852548
2,2457942.5,0,2.2934194194251883e-07,10.79129506305176,4.767711564067139e-08,4.767711564067139e-08,1.1225540958717426,1.1225540958717426
2,2457971.5,0,1.6892753841558304e-07,9.67620816851195,3.4884194156279947e-08,3.4884194156279947e-08,1.168086440168751,1.168086440168751
2,2458002.5,0,1.5485017239404592e-07,9.226946905834597,3.194957522917599e-08,3.194957522917599e-08,1.1845789924986612,1.1845789924986612
2,2458032.5,0,2.0734676416201933e-07,10.288354279795644,4.3919260848659305e-08,4.3919260848659305e-08,1.1593793152171852,1.1593793152171852
2,2458151.5,0,2.227962451426202e-07,9.205328603014916,4.652280222976076e-08,4.652280222976076e-08,1.1342802397997143,1.1342802397997143
2,2458179.5,0,3.4610364499322733e-07,10.401640472372833,7.331104718355359e-08,7.331104718355359e-08,1.07883515642331,1.07883515642331
2,2458210.5,0,3.545084796920018e-07,10.136709928734572,7.485163349788875e-08,7.485163349788875e-08,1.072249313889098,1.072249313889098
2,2458240.5,0,2.816762868425947e-07,9.798222223117733,5.946375937987012e-08,5.946375937987012e-08,1.10605523756401,1.10605523756401
2,2458271.5,0,3.580844371671103e-07,10.357852113345006,7.608097761158875e-08,7.608097761158875e-08,1.0764072102271116,1.0764072102271116
2,2458309.5,0,5.217726699797367e-07,11.846678387608254,1.111785701784847e-07,1.111785701784847e-07,1.028092056229158,1.028092056229158
2,2458338.5,0,3.9105168273505526e-07,12.061432387259956,8.410759427035454e-08,8.410759427035454e-08,1.0761273290770172,1.0761273290770172
2,2458406.5,0,3.0604806887258475e-07,12.585501145182798,6.58904606286374e-08,6.58904606286374e-08,1.119688138243616,1.119688138243616
2,2458521.5,0,1.0497613706179484e-06,15.298337969859116,2.2702011374313323e-07,2.2702011374313323e-07,0.9623319899657377,0.9623319899657377
2,2458549.5,0,2.1259969997252875e-06,17.458771069693864,4.648366580074277e-07,4.648366580074277e-07,0.9081352518681093,0.9081352518681093
2,2458580.5,0,1.9328956616169098e-06,17.46712073915357,4.235146803068863e-07,4.235146803068863e-07,0.9173759886846649,0.9173759886846649
2,2458611.5,0,3.245610141859055e-06,19.507352586078177,7.147701275332643e-07,7.147701275332643e-07,0.8827688420336347,0.8827688420336347
2,2458643.5,0,3.685050803105654e-06,20.804802704421494,8.233425703475558e-07,8.233425703475558e-07,0.8872090397976595,0.8872090397976595
2,2458674.5,0,6.1577523325036475e-06,22.323151128621863,1.3603829119145966e-06,1.3603829119145966e-06,0.8457547159704631,0.8457547159704631
2,2459310.5,0,8.970874016753184e-05,28.157648847196803,2.282206523669601e-05,2.282206523669601e-05,0.8868511728606314,0.8868511728606314
2,2459340.5,0,6.360225379904937e-05,22.019389976574644,1.7259676308453768e-05,1.7259676308453768e-05,0.8926278465533728,0.8926278465533728
2,2459370.5,0,6.251592977790726e-05,19.24218990433842,1.4427477451030486e-05,1.4427477451030486e-05,0.7871256410902677,0.7871256410902677
2,2459401.5,0,7.566283858657726e-05,19.442174406451898,1.945554437666211e-05,1.945554437666211e-05,0.8590219945266243,0.8590219945266243
2,2459431.5,0,7.504892217643453e-05,18.95063031014245,2.3057426054154806e-05,2.3057426054154806e-05,0.9778414019039786,0.9778414019039786
2,2460147.5,1,7.163965230807802e-05,24.57289790110142,3.1736563027889586e-05,1.6445560477020155e-05,1.3461900913584608,0.7848216945019221
2,2460188.5,0,7.834111857727043e-05,23.801428972648683,1.774657540776193e-05,1.774657540776193e-05,0.7709056510555676,0.7709056510555676
2,2460364.5,2,4.021585433018146e-05,24.060301126651424,2.0070466627115287e-05,9.153541127403693e-06,1.7348362099673313,0.7912070452707518
2,2460545.5,0,5.2515084727691444e-05,18.91892290076209,1.198015981849318e-05,1.198015981849318e-05,0.787552136769767,0.787552136769767
2,2460566.5,2,5.537810940154657e-05,20.609788007917423,2.7695358394156856e-05,1.2631026812132311e-05,1.718440053045699,0.7837292471955061
2,2460575.5,0,4.356093091562429e-05,18.12625126680809,9.816082697079726e-06,9.816082697079726e-06,0.7812301608982194,0.7812301608982194
2,2460594.5,2,3.0022161717823145e-05,15.874626596389898,1.4953080170447035e-05,6.819653815952358e-06,1.751572721438975,0.7988400689034927
2,2460737.5,0,2.1311902490358978e-05,10.140617297352906,4.7501647179983745e-06,4.7501647179983745e-06,0.7958946724920064,0.7958946724920064
2,2460766.5,0,2.4844113024797832e-05,10.651419040786646,5.541355337317829e-06,5.541355337317829e-06,0.7907529726530828,0.7907529726530828
2,2460781.5,0,3.550531553665988e-05,11.791251836589284,7.972040527003558e-06,7.972040527003558e-06,0.7857399317370601,0.7857399317370601
2,2460812.5,0,1.9092554964009165e-05,12.481679293288042,4.258829965024956e-06,4.258829965024956e-06,0.8006716205646391,0.8006716205646391
2,2460816.5,0,2.631472615058015e-05,13.83961133435494,5.869878655688394e-06,5.869878655688394e-06,0.7886609746112686,0.7886609746112686
2,2460840.5,0,2.3539956840168963e-05,17.299543606831236,5.285381738635484e-06,5.285381738635484e-06,0.7987474849135634,0.7987474849135634
2,2460847.5,0,2.7494202837559874e-05,17.625975550676145,6.165611768999002e-06,6.165611768999002e-06,0.7922848346194215,0.7922848346194215
2,2460856.5,0,5.434437198877688e-05,18.572937221040565,1.2186022321751997e-05,1.2186022321751997e-05,0.7710032493685236,0.7710032493685236
2,2460858.5,0,3.462070985839435e-05,18.433744983718274,7.772076358216346e-06,7.772076358216346e-06,0.7863879514806728,0.7863879514806728
2,2460861.5,0,5.305085207570113e-05,18.76686463724115,1.188007474840766e-05,1.188007474840766e-05,0.7706197298774411,0.7706197298774411
2,2460902.5,0,1.9621343526425666e-05,16.546535267527116,5.098832464560679e-06,5.098832464560679e-06,0.931218300208985,0.931218300208985
2,2461102.5,0,1.7677734406323492e-05,13.993984509783177,4.590126776706804e-06,4.590126776706804e-06,0.9351410378240145,0.9351410378240145
2,2461165.5,0,7.299398557357228e-05,22.492071620161852,1.6398240325048803e-05,1.6398240325048803e-05,0.7648972356489596,0.7648972356489596
2,2461222.5,0,3.520179464067821e-06,10.071871171218,7.708495095695942e-07,7.708495095695942e-07,0.8718810926988589,0.8718810926988589
2,2461225.5,0,2.7720353092855334e-05,16.80571691243814,6.18044000076871e-06,6.18044000076871e-06,0.7867092737054568,0.7867092737054568
