radius_Rsun,JD,missing_error_measurements,MstarMdot,Av,previous_MstarMdot_err,MstarMdot_err,previous_Av_err,Av_err
4,2443916.5,0,9.938468805170911e-06,12.843403864520978,2.3324408954367024e-06,2.3324408954367024e-06,0.988927066904341,0.988927066904341
4,2444098.5,0,1.2332109152811821e-05,13.714968681965122,3.8580176165476836e-06,3.8580176165476836e-06,1.4539789846493583,1.4539789846493583
4,2445450.5,0,6.387844186331134e-06,4.38978527208773,2.164195982992184e-06,2.164195982992184e-06,1.5940321282410461,1.5940321282410461
4,2445465.5,0,7.069276130599796e-06,4.425637990081841,3.379307690046972e-06,3.379307690046972e-06,2.186305408980622,2.186305408980622
4,2445597.5,0,8.450687551387774e-06,5.533026997905321,4.052702021407663e-06,4.052702021407663e-06,2.1512642710392376,2.1512642710392376
4,2445599.5,0,7.4795731622959645e-06,5.185867875033543,3.579195751893751e-06,3.579195751893751e-06,2.1750377331817927,2.1750377331817927
4,2445631.5,0,6.6517790139520926e-06,4.24825335872813,3.1760364794946393e-06,3.1760364794946393e-06,2.198670637258082,2.198670637258082
4,2446081.5,0,5.832938035237024e-06,3.7768185558421457,2.777728437677556e-06,2.777728437677556e-06,2.2260640526968225,2.2260640526968225
4,2446098.5,0,1.2828925736927831e-05,7.917143184873555,3.4638551797749243e-06,3.4638551797749243e-06,1.176980569029877,1.176980569029877
4,2446201.5,0,5.352182761519036e-06,3.558504979009455,2.544144881155272e-06,2.544144881155272e-06,2.2445387065489584,2.2445387065489584
4,2446481.5,0,1.0551147939348788e-05,6.919652693742118,2.498690521762612e-06,2.498690521762612e-06,1.0459038910801708,1.0459038910801708
4,2447286.5,0,1.3569378270612055e-05,7.384822886415094,3.225485102448397e-06,3.225485102448397e-06,1.0245901182836572,1.0245901182836572
4,2447328.5,0,7.654065311188152e-06,4.427944054621763,3.6642371981020468e-06,3.6642371981020468e-06,2.1704827820667396,2.1704827820667396
4,2447576.5,0,2.818356183234869e-05,11.779176291545818,6.6656579930912305e-06,6.6656579930912305e-06,0.9504589277952317,0.9504589277952317
4,2447616.5,0,2.9207826203319572e-05,12.79065487940246,7.398174760062653e-06,7.398174760062653e-06,1.0272683257437476,1.0272683257437476
4,2447630.5,0,2.0516410431005515e-05,9.991289108123201,5.2481962996369775e-06,5.2481962996369775e-06,1.0049491410799005,1.0049491410799005
4,2448284.5,0,3.832188260641646e-05,11.319820485870805,9.09274754531819e-06,9.09274754531819e-06,0.9320794118033052,0.9320794118033052
4,2448309.5,0,3.092389505081432e-05,11.359241748729437,7.673059412613007e-06,7.673059412613007e-06,0.9901164597745494,0.9901164597745494
4,2448310.5,0,3.0078657572365163e-05,11.829817410694936,7.118893611673185e-06,7.118893611673185e-06,0.9464021577337408,0.9464021577337408
4,2448314.5,0,3.069127973637571e-05,12.041972131827427,7.515012218691766e-06,7.515012218691766e-06,0.9700104995314928,0.9700104995314928
4,2448518.5,0,4.844760487391157e-05,16.29810308836649,1.3283622519961611e-05,1.3283622519961611e-05,1.07569297479909,1.07569297479909
4,2448642.5,0,6.300788306146298e-05,14.690740602018638,1.5233929055798662e-05,1.5233929055798662e-05,0.9268103890299695,0.9268103890299695
4,2448756.5,0,5.2665224481078574e-05,13.130505022890864,1.2450550215229641e-05,1.2450550215229641e-05,0.8997368504060789,0.8997368504060789
4,2448881.5,0,3.158117383573209e-05,12.850532587248155,7.758148855205378e-06,7.758148855205378e-06,0.9986858116843431,0.9986858116843431
4,2449182.5,0,2.5601561190203866e-05,10.128550241922078,6.892468288792277e-06,6.892468288792277e-06,1.1372572510441092,1.1372572510441092
4,2451319.5,0,1.479687718798084e-05,8.018736801585728,3.6521266402849662e-06,3.6521266402849662e-06,1.030467425127794,1.030467425127794
4,2454567.5,0,1.526426076661608e-05,16.65861302403851,7.69618592767273e-06,7.69618592767273e-06,2.303205337805617,2.303205337805617
4,2455271.5,0,5.662831739263473e-08,1.332695120264557,1.4871494615355672e-08,1.4871494615355314e-08,2.623756942277399,2.623756942277335
4,2457209.5,2,1.0737764581643843e-06,15.76557598196231,4.8384233810513e-07,2.2066605741198838e-07,2.64651760193973,1.2069977327295789
4,2457219.5,0,8.891816718085809e-07,13.534752070570345,3.1780443246408626e-07,3.1780443246408626e-07,2.0723069219881873,2.0723069219881873
4,2457226.5,2,1.2066359925516378e-06,17.212445661727443,5.469679588848004e-07,2.494557700148341e-07,2.6128505573063143,1.1916431979588984
4,2457546.5,0,5.418265038023266e-07,9.925304637791903,1.0640089897170459e-07,1.0640089897170459e-07,1.3007107588545388,1.3007107588545388
4,2457610.5,0,6.538196245888864e-07,9.149417128952273,1.2851445439467584e-07,1.2851445439467584e-07,1.2547587157128268,1.2547587157128268
4,2457626.5,0,6.251072407769432e-07,8.585886226499364,1.298854648803864e-07,1.298854648803864e-07,1.3373220955004193,1.3373220955004193
4,2457786.5,0,3.293492716518419e-07,7.128800585510064,6.226373439854619e-08,6.226373439854619e-08,1.3669215636148069,1.3669215636148069
4,2457815.5,0,3.6215369148128824e-07,7.744374858585293,6.85160340093473e-08,6.85160340093473e-08,1.3453372299392097,1.3453372299392097
4,2457846.5,0,3.5974137446384866e-07,7.499661059510209,6.759225130782154e-08,6.759225130782154e-08,1.3376280987047593,1.3376280987047593
4,2457876.5,0,3.7075411519287147e-07,7.200434823417273,6.98097853476254e-08,6.98097853476254e-08,1.3327117884880135,1.3327117884880135
4,2457908.5,0,4.772641575166039e-07,7.99488989396413,9.413184730505967e-08,9.413184730505967e-08,1.3336369988344143,1.3336369988344143
4,2457942.5,0,3.153864967372867e-07,5.974039496012749,5.851990676226075e-08,5.851990676226075e-08,1.3532718823816168,1.3532718823816168
4,2457971.5,0,2.4051696625795673e-07,4.516956469035087,4.371868951785288e-08,4.371868951785288e-08,1.396571165491198,1.396571165491198
4,2458002.5,0,2.2281743316325516e-07,3.9707805465876267,4.030601988546368e-08,4.030601988546368e-08,1.4121659503116955,1.4121659503116955
4,2458032.5,0,2.883038673196396e-07,5.3582136905207065,5.425762826043352e-08,5.425762826043352e-08,1.3945434461914763,1.3945434461914763
4,2458151.5,0,3.073449025995361e-07,4.355654495401219,5.720719279775571e-08,5.720719279775571e-08,1.3660618425243742,1.3660618425243742
4,2458179.5,0,4.5690399902981585e-07,6.04270010908799,8.795323597649498e-08,8.795323597649498e-08,1.3104997914833914,1.3104997914833914
4,2458210.5,0,4.6698158504287506e-07,5.804239964320073,8.969675635853858e-08,8.969675635853858e-08,1.3028219033516133,1.3028219033516133
4,2458240.5,0,3.7921520743367987e-07,5.210677537262557,7.211014622312868e-08,7.211014622312868e-08,1.3392689276882908,1.3392689276882908
4,2458271.5,0,4.712657143036815e-07,6.03644287926877,9.11258558802063e-08,9.11258558802063e-08,1.3082843921821798,1.3082843921821798
4,2458309.5,0,6.655861989308422e-07,7.933883408420064,1.310230544033507e-07,1.310230544033507e-07,1.2529696524379172,1.2529696524379172
4,2458338.5,0,5.106690400590958e-07,7.836762250311353,1.003254992720707e-07,1.003254992720707e-07,1.3093939959272365,1.3093939959272365
4,2458406.5,0,4.087026398080368e-07,8.090315049083939,7.954629357779047e-08,7.954629357779047e-08,1.356682524643116,1.356682524643116
4,2458521.5,0,1.2797049440543606e-06,12.096506333090824,2.61631012892587e-07,2.61631012892587e-07,1.1676333465545432,1.1676333465545432
4,2458549.5,0,2.508379554375619e-06,14.887257591163225,5.270658804654423e-07,5.270658804654423e-07,1.0856584631560715,1.0856584631560715
4,2458580.5,0,2.2892172981033095e-06,14.81632368401558,4.811522014806677e-07,4.811522014806677e-07,1.0995273949901692,1.0995273949901692
4,2458611.5,0,3.77230945848513e-06,17.26556811244739,8.039340801496902e-07,8.039340801496902e-07,1.0425083375776574,1.0425083375776574
4,2458643.5,0,4.265993077611977e-06,18.654816491891182,9.239501860429755e-07,9.239501860429755e-07,1.0435156071696143,1.0435156071696143
4,2458674.5,0,7.027679740962579e-06,20.51143410798194,1.513457333180093e-06,1.513457333180093e-06,0.9781194861106565,0.9781194861106565
4,2459310.5,0,9.753194825132545e-05,27.422670100810418,2.4470686178369927e-05,2.4470686178369927e-05,0.9472223298840039,0.9472223298840039
4,2459340.5,0,6.948630602177712e-05,21.195617347081253,1.8581909879014076e-05,1.8581909879014076e-05,0.9657336987056678,0.9657336987056678
4,2459370.5,0,6.831663879390743e-05,18.413677163739077,1.553598789668736e-05,1.553598789668736e-05,0.8495220281834126,0.8495220281834126
4,2459401.5,0,8.245690005895902e-05,18.664590040154287,2.0902503957206225e-05,2.0902503957206225e-05,0.9240170146125487,0.9240170146125487
4,2459431.5,0,8.179729334304921e-05,18.170942062532422,2.4774654976319133e-05,2.4774654976319133e-05,1.0560711871669115,1.0560711871669115
4,2460147.5,1,7.813311139517712e-05,23.781086146568352,3.4119017374233925e-05,1.768012381039784e-05,1.4616166248120992,0.8439168901530227
4,2460188.5,0,8.533377655702378e-05,23.032759343215286,1.9058612973895847e-05,1.9058612973895847e-05,0.82739081587437,0.82739081587437
4,2460364.5,2,4.424229584658784e-05,23.09997413197377,2.1732161887560924e-05,9.911390767389227e-06,1.8927287936503676,0.8632171427590746
4,2460545.5,0,5.753623145708248e-05,18.04077677657378,1.2928304976189658e-05,1.2928304976189658e-05,0.8531721241176253,0.8531721241176253
4,2460566.5,2,6.062481822685791e-05,19.747083089372477,2.9867597728037493e-05,1.362172037450204e-05,1.8596156798520789,0.848115239318544
4,2460575.5,0,4.786244112677298e-05,17.191351691069364,1.0617915118166405e-05,1.0617915118166405e-05,0.8505235833416054,0.8505235833416054
4,2460594.5,2,3.318461695700524e-05,14.814909973768135,1.6253262780546907e-05,7.412628320023203e-06,1.9263442659844194,0.878548156942426
4,2460737.5,0,2.3696270882751934e-05,8.950649890129514,5.187357210234321e-06,5.187357210234321e-06,0.8840977600848562,0.8840977600848562
4,2460766.5,0,2.7549388333796692e-05,9.521671126562351,6.0385947205757795e-06,6.0385947205757795e-06,0.8744108900450721,0.8744108900450721
4,2460781.5,0,3.913772927265809e-05,10.789817334104791,8.64603352122869e-06,8.64603352122869e-06,0.8599809691917668,0.8599809691917668
4,2460812.5,0,2.1270833307039977e-05,11.246515689397071,4.65796233057552e-06,4.65796233057552e-06,0.8923837064216488,0.8923837064216488
4,2460816.5,0,2.915132960322106e-05,12.731629194433594,6.391593792339797e-06,6.391593792339797e-06,0.8706547320915345,0.8706547320915345
4,2460840.5,0,2.612768734688529e-05,16.148986889957477,5.763907455645217e-06,5.763907455645217e-06,0.8845633599286016,0.8845633599286016
4,2460847.5,0,3.0435254388336584e-05,16.53429716010886,6.709631504133863e-06,6.709631504133863e-06,0.8734485946481914,0.8734485946481914
4,2460856.5,0,5.950987193786669e-05,17.70478440908889,1.3144874606565898e-05,1.3144874606565898e-05,0.8347297207917489,0.8347297207917489
4,2460858.5,0,3.817817719135151e-05,17.42376280848526,8.431949054301268e-06,8.431949054301268e-06,0.861282913722722,0.861282913722722
4,2460861.5,0,5.811436447887698e-05,17.8916936701765,1.2818681840136576e-05,1.2818681840136576e-05,0.8348106549943134,0.8348106549943134
4,2460902.5,0,2.184906768010025e-05,15.322760672740355,5.574547457424345e-06,5.574547457424345e-06,1.0370542689145,1.0370542689145
4,2461102.5,0,1.9722586734522054e-05,12.726141507605144,5.0257776063320815e-06,5.0257776063320815e-06,1.0447833377572235,1.0447833377572235
4,2461165.5,0,7.95889512193489e-05,21.705167765676077,1.762532225243876e-05,1.762532225243876e-05,0.8223533449632705,0.8223533449632705
4,2461222.5,0,4.0809010337969835e-06,7.889173662017618,8.657450166872445e-07,8.657450166872445e-07,1.0271080181639856,1.0271080181639856
4,2461225.5,0,3.068134528933867e-05,15.717056881116624,6.725025282110092e-06,6.725025282110092e-06,0.8671758728625609,0.8671758728625609
