Number of spectral days available: 3
Total spectral samples in selected days: 276
Number of spectral days available: 1
Total spectral samples in selected days: 92

Found 1 days with required filters
Fitting 92 data points across 1 days
Starting optimized regularized optimization...
Iteration 5, elapsed: 0.0s
Iteration 10, elapsed: 0.0s
Iteration 15, elapsed: 0.0s
Optimization completed in 0.0s after 75 function evaluations
✓ Converged successfully: CONVERGENCE: RELATIVE REDUCTION OF F <= FACTR*EPSMCH
Final objective value: 35.043
Function evaluations: 75
Iterations: 16
Optimized fit completed in 75 function evaluations!
Chi-squared: 35.04
Reduced chi-squared: 0.39
Regularization term: 0.00
EPOCH_TIMING {'JD': 2457209.599, 'seconds': 0.020542166981613263, 'rows': 92}
Number of spectral days available: 1
Total spectral samples in selected days: 92

Found 1 days with required filters
Fitting 92 data points across 1 days
Starting optimized regularized optimization...
Iteration 5, elapsed: 0.0s
Iteration 10, elapsed: 0.0s
Iteration 15, elapsed: 0.0s
Optimization completed in 0.0s after 84 function evaluations
✓ Converged successfully: CONVERGENCE: RELATIVE REDUCTION OF F <= FACTR*EPSMCH
Final objective value: 18.990
Function evaluations: 84
Iterations: 17
Optimized fit completed in 84 function evaluations!
Chi-squared: 18.99
Reduced chi-squared: 0.21
Regularization term: 0.00
EPOCH_TIMING {'JD': 2460364.85, 'seconds': 0.022191458992892876, 'rows': 92}
Number of spectral days available: 1
Total spectral samples in selected days: 92

Found 1 days with required filters
Fitting 92 data points across 1 days
Starting optimized regularized optimization...
Iteration 5, elapsed: 0.0s
Iteration 10, elapsed: 0.0s
Optimization completed in 0.0s after 63 function evaluations
✓ Converged successfully: CONVERGENCE: RELATIVE REDUCTION OF F <= FACTR*EPSMCH
Final objective value: 19.822
Function evaluations: 63
Iterations: 13
Optimized fit completed in 63 function evaluations!
Chi-squared: 19.82
Reduced chi-squared: 0.22
Regularization term: 0.00
EPOCH_TIMING {'JD': 2460594.478, 'seconds': 0.017187916004331782, 'rows': 92}
